// Jest Snapshot v1, https://goo.gl/fbAQLP

exports[`H1 Snapshot 1`] = `
<div
  className="sc-bdVaJa iSJzkt"
>
  H1 Component Test
</div>
`;
