// Jest Snapshot v1, https://goo.gl/fbAQLP

exports[`Button Snapshot 1`] = `
<div
  className="sc-bdVaJa hmzYzR"
>
  <button
    onClick={[Function]}
  >
    Test Button text
  </button>
</div>
`;
