// Jest Snapshot v1, https://goo.gl/fbAQLP

exports[`ViewQuestions Snapshot 1`] = `
<div
  className="sc-bZQynM fksxHI"
>
  <div>
    Loading
  </div>
  <svg
    height="44"
    stroke="#777"
    viewBox="0 0 44 44"
    width="44"
    xmlns="http://www.w3.org/2000/svg"
  >
    <g
      fill="none"
      fillRule="evenodd"
      strokeWidth="2"
    >
      <circle
        cx="22"
        cy="22"
        r="1"
      >
        <animate
          attributeName="r"
          begin="0s"
          calcMode="spline"
          dur="1.8s"
          keySplines="0.165, 0.84, 0.44, 1"
          keyTimes="0; 1"
          repeatCount="indefinite"
          values="1; 20"
        />
        <animate
          attributeName="stroke-opacity"
          begin="0s"
          calcMode="spline"
          dur="1.8s"
          keySplines="0.3, 0.61, 0.355, 1"
          keyTimes="0; 1"
          repeatCount="indefinite"
          values="1; 0"
        />
      </circle>
      <circle
        cx="22"
        cy="22"
        r="1"
      >
        <animate
          attributeName="r"
          begin="-0.9s"
          calcMode="spline"
          dur="1.8s"
          keySplines="0.165, 0.84, 0.44, 1"
          keyTimes="0; 1"
          repeatCount="indefinite"
          values="1; 20"
        />
        <animate
          attributeName="stroke-opacity"
          begin="-0.9s"
          calcMode="spline"
          dur="1.8s"
          keySplines="0.3, 0.61, 0.355, 1"
          keyTimes="0; 1"
          repeatCount="indefinite"
          values="1; 0"
        />
      </circle>
    </g>
  </svg>
</div>
`;
