// Jest Snapshot v1, https://goo.gl/fbAQLP

exports[`Category Snapshot 1`] = `
<div
  className="sc-bdVaJa gdwIIg"
  dangerouslySetInnerHTML={
    Object {
      "__html": "Test category",
    }
  }
/>
`;
