// Jest Snapshot v1, https://goo.gl/fbAQLP

exports[`QuizProgress Snapshot 1`] = `
<div
  className="sc-bdVaJa gdYACt"
>
  3
   of 
  10
</div>
`;
